[10;9H+--------------------------------------+[11;9H|                                      |[12;9H|                                      |[13;9H|                                      |[14;9H+--------------------------------------+[11;9H|       waiting for opponent...        |[13;9H|               (c)ancel               |
