[10;9H+--------------------------------------+[11;9H|                                      |[12;9H|                                      |[13;9H|                                      |[14;9H+--------------------------------------+[11;9H|   there is no one to play with :(    |[13;9H|      (p)lay   (o)nline   (q)uit      |
