[10;9H+--------------------------------------+[11;9H|                                      |[12;9H|                                      |[13;9H|                                      |[14;9H+--------------------------------------+[11;9H|             Game Over :)             |[13;9H|      (p)lay   (o)nline   (q)uit      |
