[H+--------------------+                                                     
|                    |   [1mTerminal Tetris[0m                                     
|                    |                                                       
|                    |                                                       
|                    |                                                       
|                    |                                                       
|                    |           Level:                                  
|                    |   Lines Cleared:                                    
|                    |            Next:                                        
|                    |                                                         
|                    |                                                       
|                    |                                                       
|                    |                                                       
|                    |                                                       
|                    |           Right: ‚Üí, d                                 
|                    |            Left: ‚Üê, a                                 
|                    |            Down: ‚Üì, s                                 
|                    |    Rotate Right: ‚Üë, e                                 
|                    |     Rotate Left: q                                    
|                    |       Drop Down: space                                
|                    |            Exit: ctrl-c                               
+--------------------+                                                                          
