[H+--------------------+                                                     
|        [7m[35m[][0m          |   [1mTerminal Tetris[0m                                     
|      [7m[35m[][0m[7m[35m[][0m[7m[35m[][0m        |                                                       
|                    |                                                       
|                    |                                                       
|                    |                                                       
|                    |           Level: 1                                 
|                    |   Lines Cleared:                                    
|                    |            Next:   [7m[35m[][0m                                   
|                    |                  [7m[35m[][0m[7m[35m[][0m[7m[35m[][0m                                 
|                    |                                                       
|                    |                                                       
|                    |                                                       
|                    |                                                       
|                    |           Right: ‚Üí, d                                 
|                    |            Left: ‚Üê, a                                 
|                    |            Down: ‚Üì, s                                 
|                    |    Rotate Right: ‚Üë, e                                 
|                    |     Rotate Left: q                                    
|        []          |       Drop Down: space                                
|      [][][]        |            Exit: ctrl-c                               
+--------------------+                                                    [10;9H+--------------------------------------+[11;9H|      Welcome to Terminal Tetris      |[12;9H|                                      |[13;9H|      (p)lay   (o)nline   (q)uit      |[14;9H+--------------------------------------+[11;9H|             Game Over :)             |
